// Jest Snapshot v1, https://goo.gl/fbAQLP

exports[`TypeWriter renders correctly 1`] = `
<span>
  T
</span>
`;
