// Jest Snapshot v1, https://goo.gl/fbAQLP

exports[`Layout renders correctly 1`] = `
<main
  className="main-container"
>
  <section
    className="section-container"
  >
    Test
  </section>
</main>
`;
